#
# There is insufficient memory for the Java Runtime Environment to continue.
# Native memory allocation (malloc) failed to allocate 1048576 bytes. Error detail: AllocateHeap
# Possible reasons:
#   The system is out of physical RAM or swap space
#   This process is running with CompressedOops enabled, and the Java Heap may be blocking the growth of the native heap
# Possible solutions:
#   Reduce memory load on the system
#   Increase physical memory or swap space
#   Check if swap backing store is full
#   Decrease Java heap size (-Xmx/-Xms)
#   Decrease number of Java threads
#   Decrease Java thread stack sizes (-Xss)
#   Set larger code cache with -XX:ReservedCodeCacheSize=
#   JVM is running with Unscaled Compressed Oops mode in which the Java heap is
#     placed in the first 4GB address space. The Java Heap base address is the
#     maximum limit for the native heap growth. Please use -XX:HeapBaseMinAddress
#     to set the Java Heap base and to place the Java Heap above 4GB virtual address.
# This output file may be truncated or incomplete.
#
#  Out of Memory Error (allocation.cpp:44), pid=15336, tid=8972
#
# JRE version: OpenJDK Runtime Environment Temurin-21.0.9+10 (21.0.9+10) (build 21.0.9+10-LTS)
# Java VM: OpenJDK 64-Bit Server VM Temurin-21.0.9+10 (21.0.9+10-LTS, mixed mode, sharing, tiered, compressed oops, compressed class ptrs, parallel gc, windows-amd64)
# No core dump will be written. Minidumps are not enabled by default on client versions of Windows
#

---------------  S U M M A R Y ------------

Command Line: --add-modules=ALL-SYSTEM --add-opens=java.base/java.util=ALL-UNNAMED --add-opens=java.base/java.lang=ALL-UNNAMED --add-opens=java.base/sun.nio.fs=ALL-UNNAMED -Declipse.application=org.eclipse.jdt.ls.core.id1 -Dosgi.bundles.defaultStartLevel=4 -Declipse.product=org.eclipse.jdt.ls.core.product -Djava.import.generatesMetadataFilesAtProjectRoot=false -DDetectVMInstallationsJob.disabled=true -Dfile.encoding=utf8 -XX:+UseParallelGC -XX:GCTimeRatio=4 -XX:AdaptiveSizePolicyWeight=90 -Dsun.zip.disableMemoryMapping=true -Xmx2G -Xms100m -Xlog:disable -javaagent:c:\Users\Win\.vscode\extensions\redhat.java-1.52.0-win32-x64\lombok\lombok-1.18.39-4050.jar -XX:+HeapDumpOnOutOfMemoryError -XX:HeapDumpPath=c:\Users\Win\AppData\Roaming\Code\User\workspaceStorage\88b1ab2a4d5d82feb43b24b4fe434f44\redhat.java -Daether.dependencyCollector.impl=bf c:\Users\Win\.vscode\extensions\redhat.java-1.52.0-win32-x64\server\plugins\org.eclipse.equinox.launcher_1.7.100.v20251111-0406.jar -configuration c:\Users\Win\AppData\Roaming\Code\User\globalStorage\redhat.java\1.52.0\config_win -data c:\Users\Win\AppData\Roaming\Code\User\workspaceStorage\88b1ab2a4d5d82feb43b24b4fe434f44\redhat.java\jdt_ws --pipe=\\.\pipe\lsp-4f6d86fe528f201ee1142dd8d5cfcf3e-sock

Host: AMD Athlon Silver 3050U with Radeon Graphics   , 2 cores, 9G,  Windows 11 , 64 bit Build 22621 (10.0.22621.5415)
Time: Fri Feb  6 15:33:02 2026 E. Africa Standard Time elapsed time: 1703.358404 seconds (0d 0h 28m 23s)

---------------  T H R E A D  ---------------

Current thread (0x000001b1a9629450):  JavaThread "Attach Listener" daemon [_thread_in_vm, id=8972, stack(0x0000007172c00000,0x0000007172d00000) (1024K)]

Stack: [0x0000007172c00000,0x0000007172d00000]
Native frames: (J=compiled Java code, j=interpreted, Vv=VM code, C=native code)
V  [jvm.dll+0x6d6e29]
V  [jvm.dll+0x8b4b76]
V  [jvm.dll+0x8b712e]
V  [jvm.dll+0x8b7813]
V  [jvm.dll+0x283d86]
V  [jvm.dll+0xc1277]
V  [jvm.dll+0x6d76d9]
V  [jvm.dll+0x133466]
V  [jvm.dll+0x3f7ea6]
V  [jvm.dll+0x85e9ad]
V  [jvm.dll+0x6d565d]
C  [ucrtbase.dll+0x29333]
C  [KERNEL32.DLL+0x1259d]
C  [ntdll.dll+0x5af78]


---------------  P R O C E S S  ---------------

Threads class SMR info:
_java_thread_list=0x000001b208dc1e50, length=29, elements={
0x000001b1a977b130, 0x000001b1a9624a90, 0x000001b1a9626620, 0x000001b1a9627530,
0x000001b1a9629450, 0x000001b1a962a360, 0x000001b1a962bfc0, 0x000001b1a962ef00,
0x000001b1a96a14c0, 0x000001b1c0745f40, 0x000001b2061583a0, 0x000001b206011ac0,
0x000001b2063effd0, 0x000001b20619f590, 0x000001b20619ffc0, 0x000001b1c0892530,
0x000001b206729940, 0x000001b20622f000, 0x000001b2068e6b00, 0x000001b206a06670,
0x000001b2067e05f0, 0x000001b2067e0c80, 0x000001b2067e33e0, 0x000001b2086a73f0,
0x000001b2086a7a80, 0x000001b2086a8110, 0x000001b2086a5320, 0x000001b2086a4c90,
0x000001b2086a6d60
}

Java Threads: ( => current thread )
  0x000001b1a977b130 JavaThread "main"                              [_thread_blocked, id=4012, stack(0x0000007172400000,0x0000007172500000) (1024K)]
  0x000001b1a9624a90 JavaThread "Reference Handler"          daemon [_thread_blocked, id=5680, stack(0x0000007172900000,0x0000007172a00000) (1024K)]
  0x000001b1a9626620 JavaThread "Finalizer"                  daemon [_thread_blocked, id=10984, stack(0x0000007172a00000,0x0000007172b00000) (1024K)]
  0x000001b1a9627530 JavaThread "Signal Dispatcher"          daemon [_thread_blocked, id=5128, stack(0x0000007172b00000,0x0000007172c00000) (1024K)]
=>0x000001b1a9629450 JavaThread "Attach Listener"            daemon [_thread_in_vm, id=8972, stack(0x0000007172c00000,0x0000007172d00000) (1024K)]
  0x000001b1a962a360 JavaThread "Service Thread"             daemon [_thread_blocked, id=2104, stack(0x0000007172d00000,0x0000007172e00000) (1024K)]
  0x000001b1a962bfc0 JavaThread "Monitor Deflation Thread"   daemon [_thread_blocked, id=10488, stack(0x0000007172e00000,0x0000007172f00000) (1024K)]
  0x000001b1a962ef00 JavaThread "C2 CompilerThread0"         daemon [_thread_blocked, id=5920, stack(0x0000007172f00000,0x0000007173000000) (1024K)]
  0x000001b1a96a14c0 JavaThread "C1 CompilerThread0"         daemon [_thread_blocked, id=3856, stack(0x0000007173000000,0x0000007173100000) (1024K)]
  0x000001b1c0745f40 JavaThread "Common-Cleaner"             daemon [_thread_blocked, id=1864, stack(0x0000007173100000,0x0000007173200000) (1024K)]
  0x000001b2061583a0 JavaThread "Notification Thread"        daemon [_thread_blocked, id=14128, stack(0x0000007173200000,0x0000007173300000) (1024K)]
  0x000001b206011ac0 JavaThread "Active Thread: Equinox Container: a335641e-9269-4a3e-b20e-5da7a2bc5c5d"        [_thread_blocked, id=11576, stack(0x0000007173400000,0x0000007173500000) (1024K)]
  0x000001b2063effd0 JavaThread "Refresh Thread: Equinox Container: a335641e-9269-4a3e-b20e-5da7a2bc5c5d" daemon [_thread_blocked, id=14768, stack(0x0000007173500000,0x0000007173600000) (1024K)]
  0x000001b20619f590 JavaThread "Framework Event Dispatcher: Equinox Container: a335641e-9269-4a3e-b20e-5da7a2bc5c5d" daemon [_thread_blocked, id=7148, stack(0x0000007173600000,0x0000007173700000) (1024K)]
  0x000001b20619ffc0 JavaThread "Start Level: Equinox Container: a335641e-9269-4a3e-b20e-5da7a2bc5c5d" daemon [_thread_blocked, id=10188, stack(0x0000007173700000,0x0000007173800000) (1024K)]
  0x000001b1c0892530 JavaThread "Bundle File Closer"         daemon [_thread_blocked, id=12200, stack(0x0000007173800000,0x0000007173900000) (1024K)]
  0x000001b206729940 JavaThread "SCR Component Actor"        daemon [_thread_blocked, id=14992, stack(0x0000007173900000,0x0000007173a00000) (1024K)]
  0x000001b20622f000 JavaThread "Worker-JM"                         [_thread_blocked, id=2432, stack(0x0000007173a00000,0x0000007173b00000) (1024K)]
  0x000001b2068e6b00 JavaThread "JNA Cleaner"                daemon [_thread_blocked, id=2568, stack(0x0000007173b00000,0x0000007173c00000) (1024K)]
  0x000001b206a06670 JavaThread "Worker-0"                          [_thread_blocked, id=13296, stack(0x0000007173c00000,0x0000007173d00000) (1024K)]
  0x000001b2067e05f0 JavaThread "Java indexing"              daemon [_thread_blocked, id=12340, stack(0x0000007173f00000,0x0000007174000000) (1024K)]
  0x000001b2067e0c80 JavaThread "Worker-3"                          [_thread_blocked, id=10584, stack(0x0000007174000000,0x0000007174100000) (1024K)]
  0x000001b2067e33e0 JavaThread "Thread-1"                   daemon [_thread_in_native, id=13136, stack(0x0000007174300000,0x0000007174400000) (1024K)]
  0x000001b2086a73f0 JavaThread "Thread-2"                   daemon [_thread_in_native, id=13440, stack(0x0000007174400000,0x0000007174500000) (1024K)]
  0x000001b2086a7a80 JavaThread "Thread-3"                   daemon [_thread_in_native, id=12188, stack(0x0000007174500000,0x0000007174600000) (1024K)]
  0x000001b2086a8110 JavaThread "pool-2-thread-1"                   [_thread_blocked, id=13884, stack(0x0000007174600000,0x0000007174700000) (1024K)]
  0x000001b2086a5320 JavaThread "WorkspaceEventsHandler"            [_thread_blocked, id=6344, stack(0x0000007174700000,0x0000007174800000) (1024K)]
  0x000001b2086a4c90 JavaThread "pool-1-thread-1"                   [_thread_blocked, id=13356, stack(0x0000007174800000,0x0000007174900000) (1024K)]
  0x000001b2086a6d60 JavaThread "Timer-0"                           [_thread_blocked, id=2064, stack(0x0000007174a00000,0x0000007174b00000) (1024K)]
Total: 29

Other Threads:
  0x000001b1a983ae10 VMThread "VM Thread"                           [id=2096, stack(0x0000007172800000,0x0000007172900000) (1024K)]
  0x000001b1a960cc40 WatcherThread "VM Periodic Task Thread"        [id=13000, stack(0x0000007172700000,0x0000007172800000) (1024K)]
  0x000001b1a979a530 WorkerThread "GC Thread#0"                     [id=4052, stack(0x0000007172600000,0x0000007172700000) (1024K)]
  0x000001b1c09de780 WorkerThread "GC Thread#1"                     [id=8904, stack(0x0000007173300000,0x0000007173400000) (1024K)]
Total: 4

Threads with active compile tasks:
Total: 0

VM state: not at safepoint (normal execution)

VM Mutex/Monitor currently owned by a thread: None

Heap address: 0x0000000080000000, size: 2048 MB, Compressed Oops mode: 32-bit

CDS archive(s) mapped at: [0x000001b1c1000000-0x000001b1c1ba0000-0x000001b1c1ba0000), size 12189696, SharedBaseAddress: 0x000001b1c1000000, ArchiveRelocationMode: 1.
Compressed class space mapped at: 0x000001b1c2000000-0x000001b202000000, reserved size: 1073741824
Narrow klass base: 0x000001b1c1000000, Narrow klass shift: 0, Narrow klass range: 0x100000000

GC Precious Log:
 CardTable entry size: 512
 CPUs: 2 total, 2 available
 Memory: 10155M
 Large Page Support: Disabled
 NUMA Support: Disabled
 Compressed Oops: Enabled (32-bit)
 Alignments: Space 512K, Generation 512K, Heap 2M
 Heap Min Capacity: 100M
 Heap Initial Capacity: 100M
 Heap Max Capacity: 2G
 Pre-touch: Disabled
 Parallel Workers: 2

Heap:
 PSYoungGen      total 14848K, used 2050K [0x00000000d5580000, 0x00000000d6800000, 0x0000000100000000)
  eden space 13824K, 7% used [0x00000000d5580000,0x00000000d56889c0,0x00000000d6300000)
  from space 1024K, 96% used [0x00000000d6580000,0x00000000d6678020,0x00000000d6680000)
  to   space 2560K, 0% used [0x00000000d6300000,0x00000000d6300000,0x00000000d6580000)
 ParOldGen       total 68608K, used 56563K [0x0000000080000000, 0x0000000084300000, 0x00000000d5580000)
  object space 68608K, 82% used [0x0000000080000000,0x000000008373cf30,0x0000000084300000)
 Metaspace       used 57981K, committed 59328K, reserved 1114112K
  class space    used 6764K, committed 7296K, reserved 1048576K

Card table byte_map: [0x000001b1a9120000,0x000001b1a9530000] _byte_map_base: 0x000001b1a8d20000

Marking Bits: (ParMarkBitMap*) 0x00007ffb18dc2460
 Begin Bits: [0x000001b1bbc30000, 0x000001b1bdc30000)
 End Bits:   [0x000001b1bdc30000, 0x000001b1bfc30000)

Polling page: 0x000001b1a75a0000

Metaspace:

Usage:
  Non-class:     50.02 MB used.
      Class:      6.61 MB used.
       Both:     56.62 MB used.

Virtual space:
  Non-class space:       64.00 MB reserved,      50.81 MB ( 79%) committed,  1 nodes.
      Class space:        1.00 GB reserved,       7.12 MB ( <1%) committed,  1 nodes.
             Both:        1.06 GB reserved,      57.94 MB (  5%) committed. 

Chunk freelists:
   Non-Class:  12.98 MB
       Class:  8.75 MB
        Both:  21.74 MB

MaxMetaspaceSize: unlimited
CompressedClassSpaceSize: 1.00 GB
Initial GC threshold: 21.00 MB
Current GC threshold: 58.38 MB
CDS: on
 - commit_granule_bytes: 65536.
 - commit_granule_words: 8192.
 - virtual_space_node_default_size: 8388608.
 - enlarge_chunks_in_place: 1.
 - use_allocation_guard: 0.


Internal statistics:

num_allocs_failed_limit: 12.
num_arena_births: 1024.
num_arena_deaths: 14.
num_vsnodes_births: 2.
num_vsnodes_deaths: 0.
num_space_committed: 927.
num_space_uncommitted: 0.
num_chunks_returned_to_freelist: 26.
num_chunks_taken_from_freelist: 3533.
num_chunk_merges: 18.
num_chunk_splits: 2314.
num_chunks_enlarged: 1465.
num_inconsistent_stats: 0.

CodeHeap 'non-profiled nmethods': size=120064Kb used=4437Kb max_used=4437Kb free=115626Kb
 bounds [0x000001b1b4440000, 0x000001b1b48a0000, 0x000001b1bb980000]
CodeHeap 'profiled nmethods': size=120000Kb used=15593Kb max_used=15593Kb free=104407Kb
 bounds [0x000001b1ac980000, 0x000001b1ad8c0000, 0x000001b1b3eb0000]
CodeHeap 'non-nmethods': size=5696Kb used=1382Kb max_used=1417Kb free=4313Kb
 bounds [0x000001b1b3eb0000, 0x000001b1b4120000, 0x000001b1b4440000]
CodeCache: size=245760Kb, used=21412Kb, max_used=21447Kb, free=224346Kb
 total_blobs=8151, nmethods=7463, adapters=594, full_count=0
Compilation: enabled, stopped_count=0, restarted_count=0

Compilation events (20 events):
Event: 1271.359 Thread 0x000001b1a96a14c0 8038       3       java.util.concurrent.locks.AbstractQueuedSynchronizer$ConditionObject::unlinkCancelledWaiters (91 bytes)
Event: 1271.360 Thread 0x000001b1a96a14c0 nmethod 8038 0x000001b1ad8b5610 code [0x000001b1ad8b57c0, 0x000001b1ad8b5b50]
Event: 1311.400 Thread 0x000001b1a96a14c0 8039       1       org.eclipse.jdt.ls.core.internal.LanguageServerApplication::getParentProcessId (5 bytes)
Event: 1311.400 Thread 0x000001b1a96a14c0 nmethod 8039 0x000001b1b4895290 code [0x000001b1b4895420, 0x000001b1b48954e8]
Event: 1459.385 Thread 0x000001b1a96a14c0 8040       3       java.util.concurrent.atomic.AtomicLong::updateAndGet (59 bytes)
Event: 1459.386 Thread 0x000001b1a96a14c0 nmethod 8040 0x000001b1ad8b5c90 code [0x000001b1ad8b5e80, 0x000001b1ad8b6388]
Event: 1459.386 Thread 0x000001b1a96a14c0 8041       3       org.eclipse.core.internal.jobs.JobManager$$Lambda/0x000001b1c2203260::applyAsLong (9 bytes)
Event: 1459.386 Thread 0x000001b1a96a14c0 nmethod 8041 0x000001b1ad8b6610 code [0x000001b1ad8b67e0, 0x000001b1ad8b6a38]
Event: 1459.387 Thread 0x000001b1a96a14c0 8042       3       org.eclipse.core.internal.jobs.JobManager::lambda$3 (9 bytes)
Event: 1459.387 Thread 0x000001b1a96a14c0 nmethod 8042 0x000001b1ad8b6b90 code [0x000001b1ad8b6d40, 0x000001b1ad8b6f28]
Event: 1459.387 Thread 0x000001b1a96a14c0 8043       3       java.util.concurrent.atomic.AtomicLong::weakCompareAndSetVolatile (13 bytes)
Event: 1459.387 Thread 0x000001b1a96a14c0 nmethod 8043 0x000001b1ad8b7010 code [0x000001b1ad8b71c0, 0x000001b1ad8b7320]
Event: 1499.777 Thread 0x000001b1a96a14c0 8044       3       jdk.internal.misc.VM::isSystemDomainLoader (17 bytes)
Event: 1499.777 Thread 0x000001b1a96a14c0 nmethod 8044 0x000001b1ad8b7410 code [0x000001b1ad8b75e0, 0x000001b1ad8b7948]
Event: 1589.785 Thread 0x000001b1a96a14c0 8045       3       java.lang.Module::getClassLoader (20 bytes)
Event: 1589.786 Thread 0x000001b1a96a14c0 nmethod 8045 0x000001b1ad8b7a90 code [0x000001b1ad8b7c40, 0x000001b1ad8b7e38]
Event: 1600.544 Thread 0x000001b1a96a14c0 8046       3       java.util.concurrent.locks.ReentrantReadWriteLock$Sync::tryReleaseShared (146 bytes)
Event: 1600.545 Thread 0x000001b1a96a14c0 nmethod 8046 0x000001b1ad8b7f10 code [0x000001b1ad8b8160, 0x000001b1ad8b8c28]
Event: 1630.544 Thread 0x000001b1a96a14c0 8047       3       java.util.concurrent.locks.ReentrantReadWriteLock$Sync::tryAcquireShared (177 bytes)
Event: 1630.545 Thread 0x000001b1a96a14c0 nmethod 8047 0x000001b1ad8b9010 code [0x000001b1ad8b92a0, 0x000001b1ad8b9fc0]

GC Heap History (20 events):
Event: 43.469 GC heap before
{Heap before GC invocations=35 (full 2):
 PSYoungGen      total 14336K, used 14263K [0x00000000d5580000, 0x00000000d6980000, 0x0000000100000000)
  eden space 13824K, 100% used [0x00000000d5580000,0x00000000d6300000,0x00000000d6300000)
  from space 512K, 85% used [0x00000000d6900000,0x00000000d696ded0,0x00000000d6980000)
  to   space 512K, 0% used [0x00000000d6880000,0x00000000d6880000,0x00000000d6900000)
 ParOldGen       total 68608K, used 41386K [0x0000000080000000, 0x0000000084300000, 0x00000000d5580000)
  object space 68608K, 60% used [0x0000000080000000,0x000000008286a978,0x0000000084300000)
 Metaspace       used 56417K, committed 57664K, reserved 1114112K
  class space    used 6610K, committed 7104K, reserved 1048576K
}
Event: 43.477 GC heap after
{Heap after GC invocations=35 (full 2):
 PSYoungGen      total 14336K, used 496K [0x00000000d5580000, 0x00000000d6c00000, 0x0000000100000000)
  eden space 13824K, 0% used [0x00000000d5580000,0x00000000d5580000,0x00000000d6300000)
  from space 512K, 96% used [0x00000000d6880000,0x00000000d68fc010,0x00000000d6900000)
  to   space 3072K, 0% used [0x00000000d6900000,0x00000000d6900000,0x00000000d6c00000)
 ParOldGen       total 68608K, used 44481K [0x0000000080000000, 0x0000000084300000, 0x00000000d5580000)
  object space 68608K, 64% used [0x0000000080000000,0x0000000082b705a0,0x0000000084300000)
 Metaspace       used 56417K, committed 57664K, reserved 1114112K
  class space    used 6610K, committed 7104K, reserved 1048576K
}
Event: 43.968 GC heap before
{Heap before GC invocations=36 (full 2):
 PSYoungGen      total 14336K, used 14320K [0x00000000d5580000, 0x00000000d6c00000, 0x0000000100000000)
  eden space 13824K, 100% used [0x00000000d5580000,0x00000000d6300000,0x00000000d6300000)
  from space 512K, 96% used [0x00000000d6880000,0x00000000d68fc010,0x00000000d6900000)
  to   space 3072K, 0% used [0x00000000d6900000,0x00000000d6900000,0x00000000d6c00000)
 ParOldGen       total 68608K, used 44481K [0x0000000080000000, 0x0000000084300000, 0x00000000d5580000)
  object space 68608K, 64% used [0x0000000080000000,0x0000000082b705a0,0x0000000084300000)
 Metaspace       used 56916K, committed 58240K, reserved 1114112K
  class space    used 6655K, committed 7168K, reserved 1048576K
}
Event: 43.976 GC heap after
{Heap after GC invocations=36 (full 2):
 PSYoungGen      total 15360K, used 1408K [0x00000000d5580000, 0x00000000d6a80000, 0x0000000100000000)
  eden space 13824K, 0% used [0x00000000d5580000,0x00000000d5580000,0x00000000d6300000)
  from space 1536K, 91% used [0x00000000d6900000,0x00000000d6a60030,0x00000000d6a80000)
  to   space 2560K, 0% used [0x00000000d6580000,0x00000000d6580000,0x00000000d6800000)
 ParOldGen       total 68608K, used 44953K [0x0000000080000000, 0x0000000084300000, 0x00000000d5580000)
  object space 68608K, 65% used [0x0000000080000000,0x0000000082be65a0,0x0000000084300000)
 Metaspace       used 56916K, committed 58240K, reserved 1114112K
  class space    used 6655K, committed 7168K, reserved 1048576K
}
Event: 44.339 GC heap before
{Heap before GC invocations=37 (full 2):
 PSYoungGen      total 15360K, used 15232K [0x00000000d5580000, 0x00000000d6a80000, 0x0000000100000000)
  eden space 13824K, 100% used [0x00000000d5580000,0x00000000d6300000,0x00000000d6300000)
  from space 1536K, 91% used [0x00000000d6900000,0x00000000d6a60030,0x00000000d6a80000)
  to   space 2560K, 0% used [0x00000000d6580000,0x00000000d6580000,0x00000000d6800000)
 ParOldGen       total 68608K, used 44953K [0x0000000080000000, 0x0000000084300000, 0x00000000d5580000)
  object space 68608K, 65% used [0x0000000080000000,0x0000000082be65a0,0x0000000084300000)
 Metaspace       used 57077K, committed 58368K, reserved 1114112K
  class space    used 6674K, committed 7168K, reserved 1048576K
}
Event: 44.344 GC heap after
{Heap after GC invocations=37 (full 2):
 PSYoungGen      total 15872K, used 1585K [0x00000000d5580000, 0x00000000d6980000, 0x0000000100000000)
  eden space 13824K, 0% used [0x00000000d5580000,0x00000000d5580000,0x00000000d6300000)
  from space 2048K, 77% used [0x00000000d6580000,0x00000000d670c410,0x00000000d6780000)
  to   space 2048K, 0% used [0x00000000d6780000,0x00000000d6780000,0x00000000d6980000)
 ParOldGen       total 68608K, used 46257K [0x0000000080000000, 0x0000000084300000, 0x00000000d5580000)
  object space 68608K, 67% used [0x0000000080000000,0x0000000082d2c5d0,0x0000000084300000)
 Metaspace       used 57077K, committed 58368K, reserved 1114112K
  class space    used 6674K, committed 7168K, reserved 1048576K
}
Event: 44.427 GC heap before
{Heap before GC invocations=38 (full 2):
 PSYoungGen      total 15872K, used 15409K [0x00000000d5580000, 0x00000000d6980000, 0x0000000100000000)
  eden space 13824K, 100% used [0x00000000d5580000,0x00000000d6300000,0x00000000d6300000)
  from space 2048K, 77% used [0x00000000d6580000,0x00000000d670c410,0x00000000d6780000)
  to   space 2048K, 0% used [0x00000000d6780000,0x00000000d6780000,0x00000000d6980000)
 ParOldGen       total 68608K, used 46257K [0x0000000080000000, 0x0000000084300000, 0x00000000d5580000)
  object space 68608K, 67% used [0x0000000080000000,0x0000000082d2c5d0,0x0000000084300000)
 Metaspace       used 57336K, committed 58624K, reserved 1114112K
  class space    used 6711K, committed 7232K, reserved 1048576K
}
Event: 44.438 GC heap after
{Heap after GC invocations=38 (full 2):
 PSYoungGen      total 15872K, used 1600K [0x00000000d5580000, 0x00000000d6980000, 0x0000000100000000)
  eden space 13824K, 0% used [0x00000000d5580000,0x00000000d5580000,0x00000000d6300000)
  from space 2048K, 78% used [0x00000000d6780000,0x00000000d6910040,0x00000000d6980000)
  to   space 2048K, 0% used [0x00000000d6580000,0x00000000d6580000,0x00000000d6780000)
 ParOldGen       total 68608K, used 47738K [0x0000000080000000, 0x0000000084300000, 0x00000000d5580000)
  object space 68608K, 69% used [0x0000000080000000,0x0000000082e9e9d0,0x0000000084300000)
 Metaspace       used 57336K, committed 58624K, reserved 1114112K
  class space    used 6711K, committed 7232K, reserved 1048576K
}
Event: 44.621 GC heap before
{Heap before GC invocations=39 (full 2):
 PSYoungGen      total 15872K, used 15424K [0x00000000d5580000, 0x00000000d6980000, 0x0000000100000000)
  eden space 13824K, 100% used [0x00000000d5580000,0x00000000d6300000,0x00000000d6300000)
  from space 2048K, 78% used [0x00000000d6780000,0x00000000d6910040,0x00000000d6980000)
  to   space 2048K, 0% used [0x00000000d6580000,0x00000000d6580000,0x00000000d6780000)
 ParOldGen       total 68608K, used 47738K [0x0000000080000000, 0x0000000084300000, 0x00000000d5580000)
  object space 68608K, 69% used [0x0000000080000000,0x0000000082e9e9d0,0x0000000084300000)
 Metaspace       used 57346K, committed 58624K, reserved 1114112K
  class space    used 6711K, committed 7232K, reserved 1048576K
}
Event: 44.626 GC heap after
{Heap after GC invocations=39 (full 2):
 PSYoungGen      total 15872K, used 1666K [0x00000000d5580000, 0x00000000d6800000, 0x0000000100000000)
  eden space 13824K, 0% used [0x00000000d5580000,0x00000000d5580000,0x00000000d6300000)
  from space 2048K, 81% used [0x00000000d6580000,0x00000000d6720800,0x00000000d6780000)
  to   space 512K, 0% used [0x00000000d6780000,0x00000000d6780000,0x00000000d6800000)
 ParOldGen       total 68608K, used 49245K [0x0000000080000000, 0x0000000084300000, 0x00000000d5580000)
  object space 68608K, 71% used [0x0000000080000000,0x00000000830176f8,0x0000000084300000)
 Metaspace       used 57346K, committed 58624K, reserved 1114112K
  class space    used 6711K, committed 7232K, reserved 1048576K
}
Event: 44.765 GC heap before
{Heap before GC invocations=40 (full 2):
 PSYoungGen      total 15872K, used 15490K [0x00000000d5580000, 0x00000000d6800000, 0x0000000100000000)
  eden space 13824K, 100% used [0x00000000d5580000,0x00000000d6300000,0x00000000d6300000)
  from space 2048K, 81% used [0x00000000d6580000,0x00000000d6720800,0x00000000d6780000)
  to   space 512K, 0% used [0x00000000d6780000,0x00000000d6780000,0x00000000d6800000)
 ParOldGen       total 68608K, used 49245K [0x0000000080000000, 0x0000000084300000, 0x00000000d5580000)
  object space 68608K, 71% used [0x0000000080000000,0x00000000830176f8,0x0000000084300000)
 Metaspace       used 57357K, committed 58688K, reserved 1114112K
  class space    used 6712K, committed 7232K, reserved 1048576K
}
Event: 44.773 GC heap after
{Heap after GC invocations=40 (full 2):
 PSYoungGen      total 14336K, used 512K [0x00000000d5580000, 0x00000000d6a00000, 0x0000000100000000)
  eden space 13824K, 0% used [0x00000000d5580000,0x00000000d5580000,0x00000000d6300000)
  from space 512K, 100% used [0x00000000d6780000,0x00000000d6800000,0x00000000d6800000)
  to   space 3584K, 0% used [0x00000000d6300000,0x00000000d6300000,0x00000000d6680000)
 ParOldGen       total 68608K, used 51747K [0x0000000080000000, 0x0000000084300000, 0x00000000d5580000)
  object space 68608K, 75% used [0x0000000080000000,0x0000000083288d20,0x0000000084300000)
 Metaspace       used 57357K, committed 58688K, reserved 1114112K
  class space    used 6712K, committed 7232K, reserved 1048576K
}
Event: 44.904 GC heap before
{Heap before GC invocations=41 (full 2):
 PSYoungGen      total 14336K, used 14336K [0x00000000d5580000, 0x00000000d6a00000, 0x0000000100000000)
  eden space 13824K, 100% used [0x00000000d5580000,0x00000000d6300000,0x00000000d6300000)
  from space 512K, 100% used [0x00000000d6780000,0x00000000d6800000,0x00000000d6800000)
  to   space 3584K, 0% used [0x00000000d6300000,0x00000000d6300000,0x00000000d6680000)
 ParOldGen       total 68608K, used 51747K [0x0000000080000000, 0x0000000084300000, 0x00000000d5580000)
  object space 68608K, 75% used [0x0000000080000000,0x0000000083288d20,0x0000000084300000)
 Metaspace       used 57358K, committed 58688K, reserved 1114112K
  class space    used 6712K, committed 7232K, reserved 1048576K
}
Event: 44.908 GC heap after
{Heap after GC invocations=41 (full 2):
 PSYoungGen      total 15360K, used 1408K [0x00000000d5580000, 0x00000000d6800000, 0x0000000100000000)
  eden space 13824K, 0% used [0x00000000d5580000,0x00000000d5580000,0x00000000d6300000)
  from space 1536K, 91% used [0x00000000d6300000,0x00000000d6460000,0x00000000d6480000)
  to   space 2048K, 0% used [0x00000000d6600000,0x00000000d6600000,0x00000000d6800000)
 ParOldGen       total 68608K, used 52267K [0x0000000080000000, 0x0000000084300000, 0x00000000d5580000)
  object space 68608K, 76% used [0x0000000080000000,0x000000008330ad20,0x0000000084300000)
 Metaspace       used 57358K, committed 58688K, reserved 1114112K
  class space    used 6712K, committed 7232K, reserved 1048576K
}
Event: 45.109 GC heap before
{Heap before GC invocations=42 (full 2):
 PSYoungGen      total 15360K, used 15232K [0x00000000d5580000, 0x00000000d6800000, 0x0000000100000000)
  eden space 13824K, 100% used [0x00000000d5580000,0x00000000d6300000,0x00000000d6300000)
  from space 1536K, 91% used [0x00000000d6300000,0x00000000d6460000,0x00000000d6480000)
  to   space 2048K, 0% used [0x00000000d6600000,0x00000000d6600000,0x00000000d6800000)
 ParOldGen       total 68608K, used 52267K [0x0000000080000000, 0x0000000084300000, 0x00000000d5580000)
  object space 68608K, 76% used [0x0000000080000000,0x000000008330ad20,0x0000000084300000)
 Metaspace       used 57382K, committed 58688K, reserved 1114112K
  class space    used 6712K, committed 7232K, reserved 1048576K
}
Event: 45.115 GC heap after
{Heap after GC invocations=42 (full 2):
 PSYoungGen      total 15872K, used 1568K [0x00000000d5580000, 0x00000000d6800000, 0x0000000100000000)
  eden space 13824K, 0% used [0x00000000d5580000,0x00000000d5580000,0x00000000d6300000)
  from space 2048K, 76% used [0x00000000d6600000,0x00000000d6788010,0x00000000d6800000)
  to   space 2048K, 0% used [0x00000000d6400000,0x00000000d6400000,0x00000000d6600000)
 ParOldGen       total 68608K, used 53667K [0x0000000080000000, 0x0000000084300000, 0x00000000d5580000)
  object space 68608K, 78% used [0x0000000080000000,0x0000000083468d20,0x0000000084300000)
 Metaspace       used 57382K, committed 58688K, reserved 1114112K
  class space    used 6712K, committed 7232K, reserved 1048576K
}
Event: 45.340 GC heap before
{Heap before GC invocations=43 (full 2):
 PSYoungGen      total 15872K, used 15392K [0x00000000d5580000, 0x00000000d6800000, 0x0000000100000000)
  eden space 13824K, 100% used [0x00000000d5580000,0x00000000d6300000,0x00000000d6300000)
  from space 2048K, 76% used [0x00000000d6600000,0x00000000d6788010,0x00000000d6800000)
  to   space 2048K, 0% used [0x00000000d6400000,0x00000000d6400000,0x00000000d6600000)
 ParOldGen       total 68608K, used 53667K [0x0000000080000000, 0x0000000084300000, 0x00000000d5580000)
  object space 68608K, 78% used [0x0000000080000000,0x0000000083468d20,0x0000000084300000)
 Metaspace       used 57459K, committed 58752K, reserved 1114112K
  class space    used 6712K, committed 7232K, reserved 1048576K
}
Event: 45.346 GC heap after
{Heap after GC invocations=43 (full 2):
 PSYoungGen      total 15360K, used 1368K [0x00000000d5580000, 0x00000000d6680000, 0x0000000100000000)
  eden space 13824K, 0% used [0x00000000d5580000,0x00000000d5580000,0x00000000d6300000)
  from space 1536K, 89% used [0x00000000d6400000,0x00000000d6556200,0x00000000d6580000)
  to   space 1024K, 0% used [0x00000000d6580000,0x00000000d6580000,0x00000000d6680000)
 ParOldGen       total 68608K, used 55219K [0x0000000080000000, 0x0000000084300000, 0x00000000d5580000)
  object space 68608K, 80% used [0x0000000080000000,0x00000000835ecd30,0x0000000084300000)
 Metaspace       used 57459K, committed 58752K, reserved 1114112K
  class space    used 6712K, committed 7232K, reserved 1048576K
}
Event: 46.009 GC heap before
{Heap before GC invocations=44 (full 2):
 PSYoungGen      total 15360K, used 15192K [0x00000000d5580000, 0x00000000d6680000, 0x0000000100000000)
  eden space 13824K, 100% used [0x00000000d5580000,0x00000000d6300000,0x00000000d6300000)
  from space 1536K, 89% used [0x00000000d6400000,0x00000000d6556200,0x00000000d6580000)
  to   space 1024K, 0% used [0x00000000d6580000,0x00000000d6580000,0x00000000d6680000)
 ParOldGen       total 68608K, used 55219K [0x0000000080000000, 0x0000000084300000, 0x00000000d5580000)
  object space 68608K, 80% used [0x0000000080000000,0x00000000835ecd30,0x0000000084300000)
 Metaspace       used 57857K, committed 59136K, reserved 1114112K
  class space    used 6751K, committed 7232K, reserved 1048576K
}
Event: 46.014 GC heap after
{Heap after GC invocations=44 (full 2):
 PSYoungGen      total 14848K, used 992K [0x00000000d5580000, 0x00000000d6800000, 0x0000000100000000)
  eden space 13824K, 0% used [0x00000000d5580000,0x00000000d5580000,0x00000000d6300000)
  from space 1024K, 96% used [0x00000000d6580000,0x00000000d6678020,0x00000000d6680000)
  to   space 2560K, 0% used [0x00000000d6300000,0x00000000d6300000,0x00000000d6580000)
 ParOldGen       total 68608K, used 56563K [0x0000000080000000, 0x0000000084300000, 0x00000000d5580000)
  object space 68608K, 82% used [0x0000000080000000,0x000000008373cf30,0x0000000084300000)
 Metaspace       used 57857K, committed 59136K, reserved 1114112K
  class space    used 6751K, committed 7232K, reserved 1048576K
}

Dll operation events (13 events):
Event: 0.345 Loaded shared library c:\Users\Win\.vscode\extensions\redhat.java-1.52.0-win32-x64\jre\21.0.9-win32-x86_64\bin\java.dll
Event: 1.455 Loaded shared library c:\Users\Win\.vscode\extensions\redhat.java-1.52.0-win32-x64\jre\21.0.9-win32-x86_64\bin\zip.dll
Event: 1.738 Loaded shared library C:\Users\Win\.vscode\extensions\redhat.java-1.52.0-win32-x64\jre\21.0.9-win32-x86_64\bin\instrument.dll
Event: 1.889 Loaded shared library C:\Users\Win\.vscode\extensions\redhat.java-1.52.0-win32-x64\jre\21.0.9-win32-x86_64\bin\net.dll
Event: 1.892 Loaded shared library C:\Users\Win\.vscode\extensions\redhat.java-1.52.0-win32-x64\jre\21.0.9-win32-x86_64\bin\nio.dll
Event: 2.159 Loaded shared library C:\Users\Win\.vscode\extensions\redhat.java-1.52.0-win32-x64\jre\21.0.9-win32-x86_64\bin\zip.dll
Event: 2.336 Loaded shared library C:\Users\Win\.vscode\extensions\redhat.java-1.52.0-win32-x64\jre\21.0.9-win32-x86_64\bin\jimage.dll
Event: 3.287 Loaded shared library c:\Users\Win\.vscode\extensions\redhat.java-1.52.0-win32-x64\jre\21.0.9-win32-x86_64\bin\verify.dll
Event: 11.757 Loaded shared library C:\Users\Win\AppData\Roaming\Code\User\globalStorage\redhat.java\1.52.0\config_win\org.eclipse.equinox.launcher\org.eclipse.equinox.launcher.win32.win32.x86_64_1.2.1500.v20260121-1430\eclipse_11919.dll
Event: 18.451 Loaded shared library C:\Users\Win\AppData\Local\Temp\jna-86972\jna3567915475708209146.dll
Event: 37.010 Loaded shared library C:\Users\Win\.gradle\native\1def1411415f61bf3af743bc5b6707747c0891f09f0c88961ee8f79bc544acac\windows-amd64\native-platform.dll
Event: 40.320 Loaded shared library C:\Users\Win\.vscode\extensions\redhat.java-1.52.0-win32-x64\jre\21.0.9-win32-x86_64\bin\management.dll
Event: 40.324 Loaded shared library C:\Users\Win\.vscode\extensions\redhat.java-1.52.0-win32-x64\jre\21.0.9-win32-x86_64\bin\management_ext.dll

Deoptimization events (20 events):
Event: 45.533 Thread 0x000001b2067e0c80 Uncommon trap: trap_request=0xffffff45 fr.pc=0x000001b1b48381d8 relative=0x00000000000008d8
Event: 45.533 Thread 0x000001b2067e0c80 Uncommon trap: reason=unstable_if action=reinterpret pc=0x000001b1b48381d8 method=jdk.internal.jrtfs.JrtFileSystem.checkNode(Ljdk/internal/jrtfs/JrtPath;)Ljdk/internal/jimage/ImageReader$Node; @ 16 c2
Event: 45.533 Thread 0x000001b2067e0c80 DEOPT PACKING pc=0x000001b1b48381d8 sp=0x00000071740fddd0
Event: 45.533 Thread 0x000001b2067e0c80 DEOPT UNPACKING pc=0x000001b1b3f03aa2 sp=0x00000071740fdde0 mode 2
Event: 45.534 Thread 0x000001b2067e0c80 Uncommon trap: trap_request=0xffffff45 fr.pc=0x000001b1b48411ac relative=0x00000000000011ac
Event: 45.534 Thread 0x000001b2067e0c80 Uncommon trap: reason=unstable_if action=reinterpret pc=0x000001b1b48411ac method=org.eclipse.jdt.internal.core.util.Util.splitOn(CLjava/lang/String;II)[Ljava/lang/String; @ 16 c2
Event: 45.534 Thread 0x000001b2067e0c80 DEOPT PACKING pc=0x000001b1b48411ac sp=0x00000071740fe630
Event: 45.534 Thread 0x000001b2067e0c80 DEOPT UNPACKING pc=0x000001b1b3f03aa2 sp=0x00000071740fe620 mode 2
Event: 45.729 Thread 0x000001b206a06670 Uncommon trap: trap_request=0xffffff45 fr.pc=0x000001b1b47f39a0 relative=0x0000000000000100
Event: 45.729 Thread 0x000001b206a06670 Uncommon trap: reason=unstable_if action=reinterpret pc=0x000001b1b47f39a0 method=java.lang.ThreadLocal$ThreadLocalMap.getEntryAfterMiss(Ljava/lang/ThreadLocal;ILjava/lang/ThreadLocal$ThreadLocalMap$Entry;)Ljava/lang/ThreadLocal$ThreadLocalMap$Entry; @ 30
Event: 45.729 Thread 0x000001b206a06670 DEOPT PACKING pc=0x000001b1b47f39a0 sp=0x0000007173cfed40
Event: 45.729 Thread 0x000001b206a06670 DEOPT UNPACKING pc=0x000001b1b3f03aa2 sp=0x0000007173cfecc0 mode 2
Event: 46.802 Thread 0x000001b2086a4c90 Uncommon trap: trap_request=0xffffff45 fr.pc=0x000001b1b45d8490 relative=0x0000000000000170
Event: 46.802 Thread 0x000001b2086a4c90 Uncommon trap: reason=unstable_if action=reinterpret pc=0x000001b1b45d8490 method=java.util.concurrent.locks.ReentrantReadWriteLock$Sync.tryAcquireShared(I)I @ 81 c2
Event: 46.802 Thread 0x000001b2086a4c90 DEOPT PACKING pc=0x000001b1b45d8490 sp=0x00000071748fe8b0
Event: 46.802 Thread 0x000001b2086a4c90 DEOPT UNPACKING pc=0x000001b1b3f03aa2 sp=0x00000071748fe828 mode 2
Event: 46.802 Thread 0x000001b2086a4c90 Uncommon trap: trap_request=0xffffff45 fr.pc=0x000001b1b45d8064 relative=0x00000000000000c4
Event: 46.802 Thread 0x000001b2086a4c90 Uncommon trap: reason=unstable_if action=reinterpret pc=0x000001b1b45d8064 method=java.util.concurrent.locks.ReentrantReadWriteLock$Sync.tryReleaseShared(I)Z @ 9 c2
Event: 46.802 Thread 0x000001b2086a4c90 DEOPT PACKING pc=0x000001b1b45d8064 sp=0x00000071748fe920
Event: 46.802 Thread 0x000001b2086a4c90 DEOPT UNPACKING pc=0x000001b1b3f03aa2 sp=0x00000071748fe8a0 mode 2

Classes loaded (20 events):
Event: 45.175 Loading class java/lang/invoke/MethodHandleImpl$CountingWrapper$1
Event: 45.175 Loading class java/lang/invoke/MethodHandleImpl$CountingWrapper$1 done
Event: 45.466 Loading class java/util/stream/DistinctOps
Event: 45.466 Loading class java/util/stream/DistinctOps done
Event: 45.466 Loading class java/util/stream/DistinctOps$1
Event: 45.466 Loading class java/util/stream/DistinctOps$1 done
Event: 45.469 Loading class java/util/stream/DistinctOps$1$2
Event: 45.469 Loading class java/util/stream/DistinctOps$1$2 done
Event: 45.759 Loading class java/util/stream/ReduceOps$5
Event: 45.759 Loading class java/util/stream/ReduceOps$5 done
Event: 45.759 Loading class java/util/stream/ReduceOps$CountingSink$OfRef
Event: 45.759 Loading class java/util/stream/ReduceOps$CountingSink
Event: 45.759 Loading class java/util/stream/ReduceOps$CountingSink done
Event: 45.759 Loading class java/util/stream/ReduceOps$CountingSink$OfRef done
Event: 45.990 Loading class java/util/stream/ReduceOps$1
Event: 45.991 Loading class java/util/stream/ReduceOps$1 done
Event: 45.991 Loading class java/util/stream/ReduceOps$1ReducingSink
Event: 45.991 Loading class java/util/stream/ReduceOps$1ReducingSink done
Event: 46.802 Loading class java/util/concurrent/locks/ReentrantReadWriteLock$Sync$HoldCounter
Event: 46.802 Loading class java/util/concurrent/locks/ReentrantReadWriteLock$Sync$HoldCounter done

Classes unloaded (7 events):
Event: 22.401 Thread 0x000001b1a983ae10 Unloading class 0x000001b1c21a4c00 'java/lang/invoke/LambdaForm$MH+0x000001b1c21a4c00'
Event: 22.401 Thread 0x000001b1a983ae10 Unloading class 0x000001b1c21a4800 'java/lang/invoke/LambdaForm$MH+0x000001b1c21a4800'
Event: 22.401 Thread 0x000001b1a983ae10 Unloading class 0x000001b1c21a4400 'java/lang/invoke/LambdaForm$MH+0x000001b1c21a4400'
Event: 22.401 Thread 0x000001b1a983ae10 Unloading class 0x000001b1c21a4000 'java/lang/invoke/LambdaForm$MH+0x000001b1c21a4000'
Event: 22.401 Thread 0x000001b1a983ae10 Unloading class 0x000001b1c21a3c00 'java/lang/invoke/LambdaForm$BMH+0x000001b1c21a3c00'
Event: 22.401 Thread 0x000001b1a983ae10 Unloading class 0x000001b1c21a3800 'java/lang/invoke/LambdaForm$DMH+0x000001b1c21a3800'
Event: 22.401 Thread 0x000001b1a983ae10 Unloading class 0x000001b1c21a2400 'java/lang/invoke/LambdaForm$DMH+0x000001b1c21a2400'

Classes redefined (0 events):
No events

Internal exceptions (20 events):
Event: 45.495 Thread 0x000001b2086a66d0 Exception <a 'sun/nio/fs/WindowsException'{0x00000000d5f9d608}> (0x00000000d5f9d608) 
thrown [s\src\hotspot\share\prims\jni.cpp, line 520]
Event: 45.495 Thread 0x000001b2086a66d0 Exception <a 'sun/nio/fs/WindowsException'{0x00000000d5f9dc38}> (0x00000000d5f9dc38) 
thrown [s\src\hotspot\share\prims\jni.cpp, line 520]
Event: 45.605 Thread 0x000001b2067e0c80 Exception <a 'sun/nio/fs/WindowsException'{0x00000000d6113238}> (0x00000000d6113238) 
thrown [s\src\hotspot\share\prims\jni.cpp, line 520]
Event: 45.605 Thread 0x000001b2067e0c80 Exception <a 'sun/nio/fs/WindowsException'{0x00000000d6113868}> (0x00000000d6113868) 
thrown [s\src\hotspot\share\prims\jni.cpp, line 520]
Event: 45.605 Thread 0x000001b2067e0c80 Exception <a 'sun/nio/fs/WindowsException'{0x00000000d6114300}> (0x00000000d6114300) 
thrown [s\src\hotspot\share\prims\jni.cpp, line 520]
Event: 45.606 Thread 0x000001b2067e0c80 Exception <a 'sun/nio/fs/WindowsException'{0x00000000d6114930}> (0x00000000d6114930) 
thrown [s\src\hotspot\share\prims\jni.cpp, line 520]
Event: 45.606 Thread 0x000001b2067e0c80 Exception <a 'sun/nio/fs/WindowsException'{0x00000000d6115cf0}> (0x00000000d6115cf0) 
thrown [s\src\hotspot\share\prims\jni.cpp, line 520]
Event: 45.606 Thread 0x000001b2067e0c80 Exception <a 'sun/nio/fs/WindowsException'{0x00000000d6116320}> (0x00000000d6116320) 
thrown [s\src\hotspot\share\prims\jni.cpp, line 520]
Event: 45.773 Thread 0x000001b2067e0c80 Exception <a 'sun/nio/fs/WindowsException'{0x00000000d61e86c0}> (0x00000000d61e86c0) 
thrown [s\src\hotspot\share\prims\jni.cpp, line 520]
Event: 45.773 Thread 0x000001b2067e0c80 Exception <a 'sun/nio/fs/WindowsException'{0x00000000d61e8cf0}> (0x00000000d61e8cf0) 
thrown [s\src\hotspot\share\prims\jni.cpp, line 520]
Event: 45.775 Thread 0x000001b2067e0c80 Exception <a 'sun/nio/fs/WindowsException'{0x00000000d61f25a8}> (0x00000000d61f25a8) 
thrown [s\src\hotspot\share\prims\jni.cpp, line 520]
Event: 45.775 Thread 0x000001b2067e0c80 Exception <a 'sun/nio/fs/WindowsException'{0x00000000d61f2bd8}> (0x00000000d61f2bd8) 
thrown [s\src\hotspot\share\prims\jni.cpp, line 520]
Event: 45.896 Thread 0x000001b2086a3f70 Exception <a 'sun/nio/fs/WindowsException'{0x00000000d6264938}> (0x00000000d6264938) 
thrown [s\src\hotspot\share\prims\jni.cpp, line 520]
Event: 45.896 Thread 0x000001b2086a3f70 Exception <a 'sun/nio/fs/WindowsException'{0x00000000d6265238}> (0x00000000d6265238) 
thrown [s\src\hotspot\share\prims\jni.cpp, line 520]
Event: 45.896 Thread 0x000001b2086a3f70 Exception <a 'sun/nio/fs/WindowsException'{0x00000000d6265f98}> (0x00000000d6265f98) 
thrown [s\src\hotspot\share\prims\jni.cpp, line 520]
Event: 45.896 Thread 0x000001b2086a3f70 Exception <a 'sun/nio/fs/WindowsException'{0x00000000d6266878}> (0x00000000d6266878) 
thrown [s\src\hotspot\share\prims\jni.cpp, line 520]
Event: 45.897 Thread 0x000001b2086a3f70 Exception <a 'sun/nio/fs/WindowsException'{0x00000000d6267f68}> (0x00000000d6267f68) 
thrown [s\src\hotspot\share\prims\jni.cpp, line 520]
Event: 45.897 Thread 0x000001b2086a3f70 Exception <a 'sun/nio/fs/WindowsException'{0x00000000d6268598}> (0x00000000d6268598) 
thrown [s\src\hotspot\share\prims\jni.cpp, line 520]
Event: 46.021 Thread 0x000001b2067e0c80 Exception <a 'java/lang/NoSuchMethodError'{0x00000000d559d370}: 'java.lang.Object java.lang.invoke.DirectMethodHandle$Holder.invokeStatic(java.lang.Object, java.lang.Object, int, java.lang.Object)'> (0x00000000d559d370) 
thrown [s\src\hotspot\share\interpreter\linkResolver.cpp, line 773]
Event: 46.022 Thread 0x000001b2067e0c80 Exception <a 'java/lang/NoSuchMethodError'{0x00000000d55a39b0}: 'java.lang.Object java.lang.invoke.DirectMethodHandle$Holder.newInvokeSpecial(java.lang.Object, java.lang.Object, int)'> (0x00000000d55a39b0) 
thrown [s\src\hotspot\share\interpreter\linkResolver.cpp, line 773]

ZGC Phase Switch (0 events):
No events

VM Operations (20 events):
Event: 1121.491 Executing VM operation: Cleanup
Event: 1121.491 Executing VM operation: Cleanup done
Event: 1141.608 Executing VM operation: Cleanup
Event: 1141.608 Executing VM operation: Cleanup done
Event: 1219.661 Executing VM operation: Cleanup
Event: 1219.661 Executing VM operation: Cleanup done
Event: 1323.895 Executing VM operation: HandshakeAllThreads (HandshakeForDeflation)
Event: 1323.895 Executing VM operation: HandshakeAllThreads (HandshakeForDeflation) done
Event: 1323.895 Executing VM operation: RendezvousGCThreads
Event: 1323.895 Executing VM operation: RendezvousGCThreads done
Event: 1504.501 Executing VM operation: HandshakeAllThreads (HandshakeForDeflation)
Event: 1504.501 Executing VM operation: HandshakeAllThreads (HandshakeForDeflation) done
Event: 1504.501 Executing VM operation: RendezvousGCThreads
Event: 1504.501 Executing VM operation: RendezvousGCThreads done
Event: 1624.700 Executing VM operation: HandshakeAllThreads (HandshakeForDeflation)
Event: 1624.700 Executing VM operation: HandshakeAllThreads (HandshakeForDeflation) done
Event: 1624.700 Executing VM operation: RendezvousGCThreads
Event: 1624.700 Executing VM operation: RendezvousGCThreads done
Event: 1660.809 Executing VM operation: Cleanup
Event: 1660.809 Executing VM operation: Cleanup done

Memory protections (0 events):
No events

Nmethod flushes (20 events):
Event: 28.755 Thread 0x000001b1a983ae10 flushing  nmethod 0x000001b1acfe1690
Event: 28.755 Thread 0x000001b1a983ae10 flushing  nmethod 0x000001b1acfe3010
Event: 28.755 Thread 0x000001b1a983ae10 flushing  nmethod 0x000001b1acfe3410
Event: 28.755 Thread 0x000001b1a983ae10 flushing  nmethod 0x000001b1acfe4a10
Event: 28.755 Thread 0x000001b1a983ae10 flushing  nmethod 0x000001b1acfe5190
Event: 28.755 Thread 0x000001b1a983ae10 flushing  nmethod 0x000001b1acfe6710
Event: 28.755 Thread 0x000001b1a983ae10 flushing  nmethod 0x000001b1acfe6c10
Event: 28.755 Thread 0x000001b1a983ae10 flushing  nmethod 0x000001b1acfe7510
Event: 28.755 Thread 0x000001b1a983ae10 flushing  nmethod 0x000001b1acfe8e90
Event: 28.755 Thread 0x000001b1a983ae10 flushing  nmethod 0x000001b1acfea890
Event: 28.755 Thread 0x000001b1a983ae10 flushing  nmethod 0x000001b1acfead90
Event: 28.755 Thread 0x000001b1a983ae10 flushing  nmethod 0x000001b1ad03f810
Event: 28.755 Thread 0x000001b1a983ae10 flushing  nmethod 0x000001b1ad042c90
Event: 28.755 Thread 0x000001b1a983ae10 flushing  nmethod 0x000001b1ad047090
Event: 28.755 Thread 0x000001b1a983ae10 flushing  nmethod 0x000001b1ad053510
Event: 28.755 Thread 0x000001b1a983ae10 flushing  nmethod 0x000001b1ad0a7d90
Event: 28.755 Thread 0x000001b1a983ae10 flushing osr nmethod 0x000001b1ad0c3890
Event: 28.755 Thread 0x000001b1a983ae10 flushing  nmethod 0x000001b1ad0c6b10
Event: 28.755 Thread 0x000001b1a983ae10 flushing  nmethod 0x000001b1ad0df610
Event: 28.755 Thread 0x000001b1a983ae10 flushing  nmethod 0x000001b1ad102410

Events (20 events):
Event: 43.522 Thread 0x000001b2086a4c90 Thread added: 0x000001b2086a3f70
Event: 43.522 Thread 0x000001b2086a4c90 Thread added: 0x000001b2086a8e30
Event: 43.523 Thread 0x000001b2086a4c90 Thread added: 0x000001b2086a66d0
Event: 44.082 Thread 0x000001b2086a87a0 Thread exited: 0x000001b2086a87a0
Event: 44.096 Thread 0x000001b2086a38e0 Thread exited: 0x000001b2086a38e0
Event: 44.104 Thread 0x000001b2086a8e30 Thread exited: 0x000001b2086a8e30
Event: 45.710 Thread 0x000001b2086a3f70 Thread exited: 0x000001b2086a3f70
Event: 45.711 Thread 0x000001b2086a66d0 Thread exited: 0x000001b2086a66d0
Event: 45.751 Thread 0x000001b2086aaf00 Thread exited: 0x000001b2086aaf00
Event: 45.794 Thread 0x000001b2086a4c90 Thread added: 0x000001b2086a87a0
Event: 45.797 Thread 0x000001b2086a4c90 Thread added: 0x000001b2086a3f70
Event: 45.811 Thread 0x000001b2086a4c90 Thread added: 0x000001b2086a38e0
Event: 45.880 Thread 0x000001b2086a87a0 Thread exited: 0x000001b2086a87a0
Event: 45.892 Thread 0x000001b2086a38e0 Thread exited: 0x000001b2086a38e0
Event: 45.909 Thread 0x000001b2086a3f70 Thread exited: 0x000001b2086a3f70
Event: 102.977 Thread 0x000001b2086a9b50 Thread exited: 0x000001b2086a9b50
Event: 105.752 Thread 0x000001b206a05950 Thread exited: 0x000001b206a05950
Event: 105.752 Thread 0x000001b2067e1310 Thread exited: 0x000001b2067e1310
Event: 105.790 Thread 0x000001b2067e19a0 Thread exited: 0x000001b2067e19a0
Event: 106.809 Thread 0x000001b2067e26c0 Thread exited: 0x000001b2067e26c0


Dynamic libraries:
0x00007ff736580000 - 0x00007ff73658e000 	c:\Users\Win\.vscode\extensions\redhat.java-1.52.0-win32-x64\jre\21.0.9-win32-x86_64\bin\java.exe
0x00007ffb61410000 - 0x00007ffb61628000 	C:\WINDOWS\SYSTEM32\ntdll.dll
0x00007ffb60a70000 - 0x00007ffb60b34000 	C:\WINDOWS\System32\KERNEL32.DLL
0x00007ffb5e640000 - 0x00007ffb5ea13000 	C:\WINDOWS\System32\KERNELBASE.dll
0x00007ffb5ebf0000 - 0x00007ffb5ed01000 	C:\WINDOWS\System32\ucrtbase.dll
0x00007ffb1a2d0000 - 0x00007ffb1a2e8000 	c:\Users\Win\.vscode\extensions\redhat.java-1.52.0-win32-x64\jre\21.0.9-win32-x86_64\bin\jli.dll
0x00007ffb60f00000 - 0x00007ffb610b2000 	C:\WINDOWS\System32\USER32.dll
0x00007ffb5ea20000 - 0x00007ffb5ea46000 	C:\WINDOWS\System32\win32u.dll
0x00007ffb60a40000 - 0x00007ffb60a69000 	C:\WINDOWS\System32\GDI32.dll
0x00007ffb5ead0000 - 0x00007ffb5ebeb000 	C:\WINDOWS\System32\gdi32full.dll
0x00007ffb5e5a0000 - 0x00007ffb5e63a000 	C:\WINDOWS\System32\msvcp_win.dll
0x00007ffb1a540000 - 0x00007ffb1a55e000 	c:\Users\Win\.vscode\extensions\redhat.java-1.52.0-win32-x64\jre\21.0.9-win32-x86_64\bin\VCRUNTIME140.dll
0x00007ffb49040000 - 0x00007ffb492dc000 	C:\WINDOWS\WinSxS\amd64_microsoft.windows.common-controls_6595b64144ccf1df_6.0.22621.6060_none_2712eda17382d24b\COMCTL32.dll
0x00007ffb5f590000 - 0x00007ffb5f637000 	C:\WINDOWS\System32\msvcrt.dll
0x00007ffb60730000 - 0x00007ffb60761000 	C:\WINDOWS\System32\IMM32.DLL
0x00007ffb1a2c0000 - 0x00007ffb1a2cc000 	c:\Users\Win\.vscode\extensions\redhat.java-1.52.0-win32-x64\jre\21.0.9-win32-x86_64\bin\vcruntime140_1.dll
0x00007ffb1a230000 - 0x00007ffb1a2bd000 	c:\Users\Win\.vscode\extensions\redhat.java-1.52.0-win32-x64\jre\21.0.9-win32-x86_64\bin\msvcp140.dll
0x00007ffb18100000 - 0x00007ffb18ea0000 	c:\Users\Win\.vscode\extensions\redhat.java-1.52.0-win32-x64\jre\21.0.9-win32-x86_64\bin\server\jvm.dll
0x00007ffb5f4d0000 - 0x00007ffb5f581000 	C:\WINDOWS\System32\ADVAPI32.dll
0x00007ffb610c0000 - 0x00007ffb61168000 	C:\WINDOWS\System32\sechost.dll
0x00007ffb5ed10000 - 0x00007ffb5ed38000 	C:\WINDOWS\System32\bcrypt.dll
0x00007ffb61260000 - 0x00007ffb61378000 	C:\WINDOWS\System32\RPCRT4.dll
0x00007ffb5f450000 - 0x00007ffb5f4c1000 	C:\WINDOWS\System32\WS2_32.dll
0x00007ffb5e3f0000 - 0x00007ffb5e43d000 	C:\WINDOWS\SYSTEM32\POWRPROF.dll
0x00007ffb57030000 - 0x00007ffb57064000 	C:\WINDOWS\SYSTEM32\WINMM.dll
0x00007ffb54890000 - 0x00007ffb5489a000 	C:\WINDOWS\SYSTEM32\VERSION.dll
0x00007ffb5e3d0000 - 0x00007ffb5e3e3000 	C:\WINDOWS\SYSTEM32\UMPDC.dll
0x00007ffb5d460000 - 0x00007ffb5d478000 	C:\WINDOWS\SYSTEM32\kernel.appcore.dll
0x00007ffb1a220000 - 0x00007ffb1a22a000 	c:\Users\Win\.vscode\extensions\redhat.java-1.52.0-win32-x64\jre\21.0.9-win32-x86_64\bin\jimage.dll
0x00007ffb57e30000 - 0x00007ffb58063000 	C:\WINDOWS\SYSTEM32\DBGHELP.DLL
0x00007ffb5f0b0000 - 0x00007ffb5f441000 	C:\WINDOWS\System32\combase.dll
0x00007ffb61170000 - 0x00007ffb61248000 	C:\WINDOWS\System32\OLEAUT32.dll
0x00007ffb39830000 - 0x00007ffb39862000 	C:\WINDOWS\SYSTEM32\dbgcore.DLL
0x00007ffb5ea50000 - 0x00007ffb5eacb000 	C:\WINDOWS\System32\bcryptPrimitives.dll
0x00007ffb5a010000 - 0x00007ffb5a01f000 	c:\Users\Win\.vscode\extensions\redhat.java-1.52.0-win32-x64\jre\21.0.9-win32-x86_64\bin\instrument.dll
0x00007ffb1a1f0000 - 0x00007ffb1a210000 	c:\Users\Win\.vscode\extensions\redhat.java-1.52.0-win32-x64\jre\21.0.9-win32-x86_64\bin\java.dll
0x00007ffb5fd80000 - 0x00007ffb6061c000 	C:\WINDOWS\System32\SHELL32.dll
0x00007ffb5ef70000 - 0x00007ffb5f0af000 	C:\WINDOWS\System32\wintypes.dll
0x00007ffb5c3d0000 - 0x00007ffb5ccea000 	C:\WINDOWS\SYSTEM32\windows.storage.dll
0x00007ffb60770000 - 0x00007ffb60874000 	C:\WINDOWS\System32\SHCORE.dll
0x00007ffb60e90000 - 0x00007ffb60ef9000 	C:\WINDOWS\System32\shlwapi.dll
0x00007ffb5e450000 - 0x00007ffb5e475000 	C:\WINDOWS\SYSTEM32\profapi.dll
0x00007ffb1a6c0000 - 0x00007ffb1a6d8000 	c:\Users\Win\.vscode\extensions\redhat.java-1.52.0-win32-x64\jre\21.0.9-win32-x86_64\bin\zip.dll
0x00007ffb1a560000 - 0x00007ffb1a570000 	C:\Users\Win\.vscode\extensions\redhat.java-1.52.0-win32-x64\jre\21.0.9-win32-x86_64\bin\net.dll
0x00007ffb550a0000 - 0x00007ffb551cc000 	C:\WINDOWS\SYSTEM32\WINHTTP.dll
0x00007ffb5d990000 - 0x00007ffb5d9f9000 	C:\WINDOWS\system32\mswsock.dll
0x00007ffb1a300000 - 0x00007ffb1a316000 	C:\Users\Win\.vscode\extensions\redhat.java-1.52.0-win32-x64\jre\21.0.9-win32-x86_64\bin\nio.dll
0x00007ffb57300000 - 0x00007ffb57310000 	c:\Users\Win\.vscode\extensions\redhat.java-1.52.0-win32-x64\jre\21.0.9-win32-x86_64\bin\verify.dll
0x00007ffb44d90000 - 0x00007ffb44dd5000 	C:\Users\Win\AppData\Roaming\Code\User\globalStorage\redhat.java\1.52.0\config_win\org.eclipse.equinox.launcher\org.eclipse.equinox.launcher.win32.win32.x86_64_1.2.1500.v20260121-1430\eclipse_11919.dll
0x00007ffb60b40000 - 0x00007ffb60ce1000 	C:\WINDOWS\System32\ole32.dll
0x00007ffb5dbf0000 - 0x00007ffb5dc0b000 	C:\WINDOWS\SYSTEM32\CRYPTSP.dll
0x00007ffb5d420000 - 0x00007ffb5d457000 	C:\WINDOWS\system32\rsaenh.dll
0x00007ffb5da60000 - 0x00007ffb5da88000 	C:\WINDOWS\SYSTEM32\USERENV.dll
0x00007ffb5dbe0000 - 0x00007ffb5dbec000 	C:\WINDOWS\SYSTEM32\CRYPTBASE.dll
0x00007ffb5cf90000 - 0x00007ffb5cfbd000 	C:\WINDOWS\SYSTEM32\IPHLPAPI.DLL
0x00007ffb5fd10000 - 0x00007ffb5fd19000 	C:\WINDOWS\System32\NSI.dll
0x00007ffb1c6a0000 - 0x00007ffb1c6e9000 	C:\Users\Win\AppData\Local\Temp\jna-86972\jna3567915475708209146.dll
0x00007ffb5fd00000 - 0x00007ffb5fd08000 	C:\WINDOWS\System32\PSAPI.DLL
0x00007ffb55080000 - 0x00007ffb55099000 	C:\WINDOWS\SYSTEM32\dhcpcsvc6.DLL
0x00007ffb55360000 - 0x00007ffb5537f000 	C:\WINDOWS\SYSTEM32\dhcpcsvc.DLL
0x00007ffb48cb0000 - 0x00007ffb48cd7000 	C:\Users\Win\.gradle\native\1def1411415f61bf3af743bc5b6707747c0891f09f0c88961ee8f79bc544acac\windows-amd64\native-platform.dll
0x00007ffb17270000 - 0x00007ffb1727a000 	C:\Users\Win\.vscode\extensions\redhat.java-1.52.0-win32-x64\jre\21.0.9-win32-x86_64\bin\management.dll
0x00007ffb15c00000 - 0x00007ffb15c0c000 	C:\Users\Win\.vscode\extensions\redhat.java-1.52.0-win32-x64\jre\21.0.9-win32-x86_64\bin\management_ext.dll

JVMTI agents:
c:\Users\Win\.vscode\extensions\redhat.java-1.52.0-win32-x64\lombok\lombok-1.18.39-4050.jar path:c:\Users\Win\.vscode\extensions\redhat.java-1.52.0-win32-x64\jre\21.0.9-win32-x86_64\bin\instrument.dll, loaded, initialized, instrumentlib options:none

dbghelp: loaded successfully - version: 4.0.5 - missing functions: none
symbol engine: initialized successfully - sym options: 0x614 - pdb path: .;c:\Users\Win\.vscode\extensions\redhat.java-1.52.0-win32-x64\jre\21.0.9-win32-x86_64\bin;C:\WINDOWS\SYSTEM32;C:\WINDOWS\WinSxS\amd64_microsoft.windows.common-controls_6595b64144ccf1df_6.0.22621.6060_none_2712eda17382d24b;c:\Users\Win\.vscode\extensions\redhat.java-1.52.0-win32-x64\jre\21.0.9-win32-x86_64\bin\server;C:\Users\Win\AppData\Roaming\Code\User\globalStorage\redhat.java\1.52.0\config_win\org.eclipse.equinox.launcher\org.eclipse.equinox.launcher.win32.win32.x86_64_1.2.1500.v20260121-1430;C:\Users\Win\AppData\Local\Temp\jna-86972;C:\Users\Win\.gradle\native\1def1411415f61bf3af743bc5b6707747c0891f09f0c88961ee8f79bc544acac\windows-amd64

VM Arguments:
jvm_args: --add-modules=ALL-SYSTEM --add-opens=java.base/java.util=ALL-UNNAMED --add-opens=java.base/java.lang=ALL-UNNAMED --add-opens=java.base/sun.nio.fs=ALL-UNNAMED -Declipse.application=org.eclipse.jdt.ls.core.id1 -Dosgi.bundles.defaultStartLevel=4 -Declipse.product=org.eclipse.jdt.ls.core.product -Djava.import.generatesMetadataFilesAtProjectRoot=false -DDetectVMInstallationsJob.disabled=true -Dfile.encoding=utf8 -XX:+UseParallelGC -XX:GCTimeRatio=4 -XX:AdaptiveSizePolicyWeight=90 -Dsun.zip.disableMemoryMapping=true -Xmx2G -Xms100m -Xlog:disable -javaagent:c:\Users\Win\.vscode\extensions\redhat.java-1.52.0-win32-x64\lombok\lombok-1.18.39-4050.jar -XX:+HeapDumpOnOutOfMemoryError -XX:HeapDumpPath=c:\Users\Win\AppData\Roaming\Code\User\workspaceStorage\88b1ab2a4d5d82feb43b24b4fe434f44\redhat.java -Daether.dependencyCollector.impl=bf 
java_command: c:\Users\Win\.vscode\extensions\redhat.java-1.52.0-win32-x64\server\plugins\org.eclipse.equinox.launcher_1.7.100.v20251111-0406.jar -configuration c:\Users\Win\AppData\Roaming\Code\User\globalStorage\redhat.java\1.52.0\config_win -data c:\Users\Win\AppData\Roaming\Code\User\workspaceStorage\88b1ab2a4d5d82feb43b24b4fe434f44\redhat.java\jdt_ws --pipe=\\.\pipe\lsp-4f6d86fe528f201ee1142dd8d5cfcf3e-sock
java_class_path (initial): c:\Users\Win\.vscode\extensions\redhat.java-1.52.0-win32-x64\server\plugins\org.eclipse.equinox.launcher_1.7.100.v20251111-0406.jar
Launcher Type: SUN_STANDARD

[Global flags]
    uintx AdaptiveSizePolicyWeight                 = 90                                        {product} {command line}
     intx CICompilerCount                          = 2                                         {product} {ergonomic}
    uintx GCTimeRatio                              = 4                                         {product} {command line}
     bool HeapDumpOnOutOfMemoryError               = true                                   {manageable} {command line}
    ccstr HeapDumpPath                             = c:\Users\Win\AppData\Roaming\Code\User\workspaceStorage\88b1ab2a4d5d82feb43b24b4fe434f44\redhat.java         {manageable} {command line}
   size_t InitialHeapSize                          = 104857600                                 {product} {command line}
   size_t MaxHeapSize                              = 2147483648                                {product} {command line}
   size_t MaxNewSize                               = 715653120                                 {product} {ergonomic}
   size_t MinHeapDeltaBytes                        = 524288                                    {product} {ergonomic}
   size_t MinHeapSize                              = 104857600                                 {product} {command line}
   size_t NewSize                                  = 34603008                                  {product} {ergonomic}
    uintx NonNMethodCodeHeapSize                   = 5826188                                {pd product} {ergonomic}
    uintx NonProfiledCodeHeapSize                  = 122916026                              {pd product} {ergonomic}
   size_t OldSize                                  = 70254592                                  {product} {ergonomic}
    uintx ProfiledCodeHeapSize                     = 122916026                              {pd product} {ergonomic}
    uintx ReservedCodeCacheSize                    = 251658240                              {pd product} {ergonomic}
     bool SegmentedCodeCache                       = true                                      {product} {ergonomic}
   size_t SoftMaxHeapSize                          = 2147483648                             {manageable} {ergonomic}
     bool UseCompressedOops                        = true                           {product lp64_product} {ergonomic}
     bool UseLargePagesIndividualAllocation        = false                                  {pd product} {ergonomic}
     bool UseParallelGC                            = true                                      {product} {command line}

Logging:
Log output configuration:
 #0: stdout all=off uptime,level,tags foldmultilines=false
 #1: stderr all=off uptime,level,tags foldmultilines=false

Release file:
JAVA_VERSION="21.0.9" 
MODULES="java.base java.compiler java.datatransfer java.xml java.prefs java.desktop java.instrument java.logging java.management java.security.sasl java.naming java.rmi java.management.rmi java.net.http java.scripting java.security.jgss java.transaction.xa java.sql java.sql.rowset java.xml.crypto java.se java.smartcardio jdk.accessibility jdk.internal.jvmstat jdk.attach jdk.charsets jdk.internal.opt jdk.zipfs jdk.compiler jdk.crypto.ec jdk.crypto.cryptoki jdk.crypto.mscapi jdk.dynalink jdk.internal.ed jdk.editpad jdk.hotspot.agent jdk.httpserver jdk.internal.le jdk.internal.vm.ci jdk.internal.vm.compiler jdk.internal.vm.compiler.management jdk.jartool jdk.javadoc jdk.jcmd jdk.management jdk.management.agent jdk.jconsole jdk.jdeps jdk.jdwp.agent jdk.jdi jdk.jfr jdk.jshell jdk.jsobject jdk.jstatd jdk.localedata jdk.management.jfr jdk.naming.dns jdk.naming.rmi jdk.net jdk.nio.mapmode jdk.random jdk.sctp jdk.security.auth jdk.security.jgss jdk.unsupported jdk.unsupported.desktop jdk.xml.dom" 

Environment Variables:
PATH=C:\Program Files\Common Files\Oracle\Java\javapath;C:\Program Files (x86)\Common Files\Oracle\Java\java8path;C:\Program Files (x86)\Common Files\Oracle\Java\javapath;C:\WINDOWS\system32;C:\WINDOWS;C:\WINDOWS\System32\Wbem;C:\WINDOWS\System32\WindowsPowerShell\v1.0\;C:\WINDOWS\System32\OpenSSH\;C:\Program Files\nodejs\;C:\ProgramData\chocolatey\bin;C:\Program Files\Git\cmd;C:\Program Files (x86)\Windows Kits\10\Platforms;C:\Program Files (x86)\Windows Kits\10\platform-tools;C:\Users\Win\AppData\Local\Microsoft\WindowsApps;C:\Users\Win\AppData\Roaming\npm;C:\Users\Win\AppData\Local\Programs\Microsoft VS Code\bin;C:\Users\Win\AppData\Local\Programs\cursor\resources\app\bin
USERNAME=Win
OS=Windows_NT
PROCESSOR_IDENTIFIER=AMD64 Family 23 Model 24 Stepping 1, AuthenticAMD
TMP=C:\Users\Win\AppData\Local\Temp
TEMP=C:\Users\Win\AppData\Local\Temp




Periodic native trim disabled

---------------  S Y S T E M  ---------------

OS:
 Windows 11 , 64 bit Build 22621 (10.0.22621.5415)
OS uptime: 0 days 5:51 hours
Hyper-V role detected

CPU: total 2 (initial active 2) (2 cores per cpu, 1 threads per core) family 23 model 24 stepping 1 microcode 0x0, cx8, cmov, fxsr, mmx, 3dnowpref, sse, sse2, sse3, ssse3, sse4a, sse4.1, sse4.2, popcnt, lzcnt, tsc, tscinvbit, avx, avx2, aes, clmul, bmi1, bmi2, adx, sha, fma, vzeroupper, clflush, clflushopt, hv, rdtscp, f16c
Processor Information for the first 2 processors :
  Max Mhz: 2300, Current Mhz: 2300, Mhz Limit: 2300

Memory: 4k page, system-wide physical 10155M (396M free)
TotalPageFile size 16036M (AvailPageFile size 2M)
current process WorkingSet (physical memory assigned to process): 243M, peak: 250M
current process commit charge ("private bytes"): 314M, peak: 326M

vm_info: OpenJDK 64-Bit Server VM (21.0.9+10-LTS) for windows-amd64 JRE (21.0.9+10-LTS), built on 2025-10-21T00:00:00Z by "admin" with unknown MS VC++:1942

END.
